#-----------------------------------------------------------
# Vivado v2020.1 (64-bit)
# SW Build 2902540 on Wed May 27 19:54:49 MDT 2020
# IP Build 2902112 on Wed May 27 22:43:36 MDT 2020
# Start of session at: Sun Aug 16 13:17:01 2020
# Process ID: 4996
# Current directory: C:/Users/Simone Ruffini/VivadoProjects/NVMEF-FPGA/vivado
# Command line: vivado.exe -gui_launcher_event rodinguilauncherevent2436 C:\Users\Simone Ruffini\VivadoProjects\NVMEF-FPGA\vivado\NVA_EMULATOR.xpr
# Log file: C:/Users/Simone Ruffini/VivadoProjects/NVMEF-FPGA/vivado/vivado.log
# Journal file: C:/Users/Simone Ruffini/VivadoProjects/NVMEF-FPGA/vivado\vivado.jou
#-----------------------------------------------------------
start_gui
open_project {C:/Users/Simone Ruffini/VivadoProjects/NVMEF-FPGA/vivado/NVA_EMULATOR.xpr}
launch_simulation
open_wave_config {C:/Users/Simone Ruffini/VivadoProjects/NVMEF-FPGA/test/vol_arc_testbench.wcfg}
source vol_arc_testbench.tcl
run 885 ns
run 885 ns
run 885 ns
run 885 ns
run 885 ns
run 885 ns
run 1 us
run 1 ms
close_sim
launch_simulation
open_wave_config {C:/Users/Simone Ruffini/VivadoProjects/NVMEF-FPGA/test/vol_arc_testbench.wcfg}
source vol_arc_testbench.tcl
run 1 ms
close_sim
